enter:      $0D
enter/R:    $0D
ret:        $0D
ret/R:      $0D

space:      $20
!/S:        $21
"/S:        $22
#/S:        $23
$/S:        $24
%/S:        $25
&/S:        $26
':          $27
(/S:        $28
)/S:        $29
*/S:        $2A
+/S:        $2B
,:          $2C
-:          $2D
.:          $2E
slash:      $2F
slash/R:    $2E
,/R:        $E2
</RS:       $C2
./R:        $E0
>/RS:       $C0

0:          $30
1:          $31
2:          $32
3:          $33
4:          $34
5:          $35
6:          $36
7:          $37
8:          $38
9:          $39
colon/S:    $3A
;:          $3B
</S:        $3C
=:          $3D
>/S:        $3E
?/S:        $3F
?/RS:       $2C

;/R:        $F6
colon/R:    $D6
'/R:        $FC
"/RS:       $DC

@/S:        $40
@/RS:       $22

A:          $41
A/S:        $61
A/C:        $01
A/R:        $E6
A/RS:       $C6

B:          $42
B/S:        $62
B/C:        $02
B/R:        $E9
B/RS:       $C9

C:          $43
C/S:        $63
C/C:        $03
C/R:        $F3
C/RS:       $D3

D:          $44
D/S:        $64
D/C:        $04
D/R:        $F7
D/RS:       $D7

E:          $45
E/S:        $65
E/C:        $05
E/R:        $F5
E/RS:       $D5

F:          $46
F/S:        $66
F/C:        $06
F/R:        $E1
F/RS:       $C1

G:          $47
G/S:        $67
G/C:        $07
G/R:        $F0
G/RS:       $D0

H:          $48
H/S:        $68
H/C:        $08
H/R:        $F2
H/RS:       $D2

I:          $49
I/S:        $69
I/C:        $09
I/R:        $FB
I/RS:       $DB

J:          $4A
J/S:        $6A
J/C:        $0A
J/R:        $EF
J/RS:       $CF

K:          $4B
K/S:        $6B
K/C:        $0B
K/R:        $EC
K/RS:       $CC

L:          $4C
L/S:        $6C
L/C:        $0C
L/R:        $E4
L/RS:       $C4

M:          $4D
M/S:        $6D
M/C:        $0D
M/R:        $F8
M/RS:       $D8

N:          $4E
N/S:        $6E
N/C:        $0E
N/R:        $F4
N/RS:       $D4

O:          $4F
O/S:        $6F
O/C:        $0F
O/R:        $FD
O/RS:       $DD

P:          $50
P/S:        $70
P/C:        $10
P/R:        $FA
P/RS:       $DA

Q:          $51
Q/S:        $71
Q/C:        $11
Q/R:        $EA
Q/RS:       $CA

R:          $52
R/S:        $72
R/C:        $12
R/R:        $EB
R/RS:       $CB

S:          $53
S/S:        $73
S/C:        $13
S/R:        $F9
S/RS:       $D9

T:          $54
T/S:        $74
T/C:        $14
T/R:        $E5
T/RS:       $C5

U:          $55
U/S:        $75
U/C:        $15
U/R:        $E7
U/RS:       $C7

V:          $56
V/S:        $76
V/C:        $16
V/R:        $ED
V/RS:       $CD

W:          $57
W/S:        $77
W/C:        $17
W/R:        $E3
W/RS:       $C3

X:          $58
X/S:        $78
X/C:        $18
X/R:        $FE
X/RS:       $DE

Y:          $59
Y/S:        $79
Y/C:        $19
Y/R:        $EE
Y/RS:       $CE

Z:          $5A
Z/S:        $7A
Z/C:        $1A
Z/R:        $F1
Z/RS:       $D1

[:          $5B
[/C:        $1B
{/S:        $7B
[/R:        $E8

[/RC:       $1B
{/RS:       $C8

\:          $7C
\/C:        $1C

]:          $5D
]/C:        $1D
}/S:        $7D
]/R:        $FF
]/RC:       $1D
}/RS:       $DF

^/S:        $5E
~:          $7E

_:          $7F
_/C:        $1F

?/C:        $7F

esc:        $1B

up:         $1C
up/r:       $1C
down:       $1D
down/R:     $1D
left:       $1A
left/R:     $1A
right:      $19
right/R:    $19

back:       $08
tab:        $09

F1:         $81
F2:         $82
F3:         $83
F4:         $84
F5:         $86

F12:        $0A
