enter:      $0D
ret:        $0D

space:      $20
!/S:        $21
"/S:        $22
#/S:        $23
$/S:        $24
%/S:        $25
&/S:        $26
':          $27
(/S:        $28
)/S:        $29
*/S:        $2A
+/S:        $2B
,:          $2C
-:          $2D
.:          $2E
slash:      $2F

0:          $30
1:          $31
2:          $32
3:          $33
4:          $34
5:          $35
6:          $36
7:          $37
8:          $38
9:          $39
colon/S:    $3A
;:          $3B
</S:        $3C
=:          $3D
>/S:        $3E
?/S:        $3F

@/S:        $40

A:          $41
A/S:        $61
A/C:        $01

B:          $42
B/S:        $62
B/C:        $02

C:          $43
C/S:        $63
C/C:        $03

D:          $44
D/S:        $64
D/C:        $04

E:          $45
E/S:        $65
E/C:        $05

F:          $46
F/S:        $66
F/C:        $06

G:          $47
G/S:        $67
G/C:        $07

H:          $48
H/S:        $68
H/C:        $08

I:          $49
I/S:        $69
I/C:        $09

J:          $4A
J/S:        $6A
J/C:        $0A

K:          $4B
K/S:        $6B
K/C:        $0B

L:          $4C
L/S:        $6C
L/C:        $0C

M:          $4D
M/S:        $6D
M/C:        $0D

N:          $4E
N/S:        $6E
N/C:        $0E

O:          $4F
O/S:        $6F
O/C:        $0F

P:          $50
P/S:        $70
P/C:        $10

Q:          $51
Q/S:        $71
Q/C:        $11

R:          $52
R/S:        $72
R/C:        $12

S:          $53
S/S:        $73
S/C:        $13

T:          $54
T/S:        $74
T/C:        $14

U:          $55
U/S:        $75
U/C:        $15

V:          $56
V/S:        $76
V/C:        $16

W:          $57
W/S:        $77
W/C:        $17

X:          $58
X/S:        $78
X/C:        $18

Y:          $59
Y/S:        $79
Y/C:        $19

Z:          $5A
Z/S:        $7A
Z/C:        $1A

[:          $5B
[/C:        $1B
{/S:        $7B

\:          $7C
\/C:        $1C

]:          $5D
]/C:        $1D
}/S:        $7D

^:          $7E
^/C:        $1E

_:          $7F
_/C:        $1F

?/C:        $7F

esc:        $1B

up:         $1C
down:       $1D
left:       $1A
right:      $19

back:       $08
tab:        $09

F1:         $81
F2:         $82
F3:         $83
F4:         $84
F5:         $86

F12:        $0A
