// Клавиши хоста для Ириши, Диалога и Каспия.
//
// Коды семибитные, как их отдает настоящая клавиатура: бит 7 в русском
// регистре ставит само ПЗУ машины, по своему флагу, который ведет от кодов
// $0E (РУС) и $0F (ЛАТ) -- их шлет rus_switches из конфигурации. Проверено на
// машине: после $0E код $66 печатает Ф, $46 -- ф, $7E -- Ч, $5E -- ч, а цифры
// ПЗУ не трогает вовсе; после $0F бит 7 снимается ($C1 дает A).
//
// Исключение -- Ъ: $7F монитор разбирает как стирание символа, а не как
// букву, поэтому у ] в русском регистре оставлен восьмибитный $FF.
//
// Слева -- клавиши хоста. Клавиши самой машины описаны отдельно, в
// irisha.keys к рисунку клавиатуры 15ВВВ-97-006.

enter:      $0D
enter/R:    $0D
ret:        $0D
ret/R:      $0D

space:      $20
!/S:        $21
"/S:        $22
#/S:        $23
$/S:        $24
%/S:        $25
&/S:        $26
':          $27
(/S:        $28
)/S:        $29
*/S:        $2A
+/S:        $2B
,:          $2C
-:          $2D
.:          $2E
slash:      $2F
slash/R:    $2E
,/R:        $62
</RS:       $42
./R:        $60
>/RS:       $40

0:          $30
1:          $31
2:          $32
3:          $33
4:          $34
5:          $35
6:          $36
7:          $37
8:          $38
9:          $39
colon/S:    $3A
;:          $3B
</S:        $3C
=:          $3D
>/S:        $3E
?/S:        $3F
?/RS:       $2C

;/R:        $76
colon/R:    $56
'/R:        $7C
"/RS:       $5C

@/S:        $40
@/RS:       $22

A:          $41
A/S:        $61
A/C:        $01
A/R:        $66
A/RS:       $46

B:          $42
B/S:        $62
B/C:        $02
B/R:        $69
B/RS:       $49

C:          $43
C/S:        $63
C/C:        $03
C/R:        $73
C/RS:       $53

D:          $44
D/S:        $64
D/C:        $04
D/R:        $77
D/RS:       $57

E:          $45
E/S:        $65
E/C:        $05
E/R:        $75
E/RS:       $55

F:          $46
F/S:        $66
F/C:        $06
F/R:        $61
F/RS:       $41

G:          $47
G/S:        $67
G/C:        $07
G/R:        $70
G/RS:       $50

H:          $48
H/S:        $68
H/C:        $08
H/R:        $72
H/RS:       $52

I:          $49
I/S:        $69
I/C:        $09
I/R:        $7B
I/RS:       $5B

J:          $4A
J/S:        $6A
J/C:        $0A
J/R:        $6F
J/RS:       $4F

K:          $4B
K/S:        $6B
K/C:        $0B
K/R:        $6C
K/RS:       $4C

L:          $4C
L/S:        $6C
L/C:        $0C
L/R:        $64
L/RS:       $44

M:          $4D
M/S:        $6D
M/C:        $0D
M/R:        $78
M/RS:       $58

N:          $4E
N/S:        $6E
N/C:        $0E
N/R:        $74
N/RS:       $54

O:          $4F
O/S:        $6F
O/C:        $0F
O/R:        $7D
O/RS:       $5D

P:          $50
P/S:        $70
P/C:        $10
P/R:        $7A
P/RS:       $5A

Q:          $51
Q/S:        $71
Q/C:        $11
Q/R:        $6A
Q/RS:       $4A

R:          $52
R/S:        $72
R/C:        $12
R/R:        $6B
R/RS:       $4B

S:          $53
S/S:        $73
S/C:        $13
S/R:        $79
S/RS:       $59

T:          $54
T/S:        $74
T/C:        $14
T/R:        $65
T/RS:       $45

U:          $55
U/S:        $75
U/C:        $15
U/R:        $67
U/RS:       $47

V:          $56
V/S:        $76
V/C:        $16
V/R:        $6D
V/RS:       $4D

W:          $57
W/S:        $77
W/C:        $17
W/R:        $63
W/RS:       $43

X:          $58
X/S:        $78
X/C:        $18
X/R:        $7E
X/RS:       $5E

Y:          $59
Y/S:        $79
Y/C:        $19
Y/R:        $6E
Y/RS:       $4E

Z:          $5A
Z/S:        $7A
Z/C:        $1A
Z/R:        $71
Z/RS:       $51

[:          $5B
[/C:        $1B
{/S:        $7B
[/R:        $68

[/RC:       $1B
{/RS:       $48

\:          $7C
\/C:        $1C

]:          $5D
]/C:        $1D
}/S:        $7D
]/R:        $FF      // не $7F: его монитор разбирает как стирание
]/RC:       $1D
}/RS:       $5F

^/S:        $5E
~:          $7E

_:          $7F
_/C:        $1F

?/C:        $7F

esc:        $1B

up:         $1C
up/r:       $1C
down:       $1D
down/R:     $1D
left:       $1A
left/R:     $1A
right:      $19
right/R:    $19

back:       $08
tab:        $09

F1:         $81
F2:         $82
F3:         $83
F4:         $84
F5:         $86

F12:        $0A
