Кассета argo.a.bt  (метка Argo.A)
========================================================================
Системная кассета Арго ФВ-6511 (TCP/M), метка Argo.A.
Заряжена в магнитофон Арго по умолчанию. На ней эмулятор ZX Spectrum
(ZX.COM с ПЗУ Спектрума ROM.SNC), утилиты CP/M, MBASIC, MACRO-80,
ассемблер и отладчики.

Загрузка: зарядить в магнитофон Арго и дать команду монитора I.

Файл             Байт  Блоки     Описание
------------  -------  --------  --------------------------------------
C55.A06         14336  1-7       ядро TCP/M для Арго
ZX.COM            768  8         эмулятор ZX Spectrum
KBD.SNC          1536  9         клавиатура для ZX.COM
ROM.SNC         16384  10-17     ПЗУ ZX Spectrum для ZX.COM
POWER.COM       14848  18-25     POWER 3.03 (Pavel Breder): набор системных утилит
F2A.COM          5888  26-28     то же, что F2.COM, для Арго
STAT.COM         7168  29-32     STAT (Digital Research): состояние дисков и файлов
PIP.COM          8192  33-36     PIP (Digital Research): копирование файлов
WM.COM           9728  37-41     текстовый редактор WordMaster (MicroPro)
LOAD.COM         1792  42        LOAD (Digital Research): HEX-файл в COM
MBASIC.COM      24320  43-54     интерпретатор Microsoft BASIC-80
M80.COM         20096  74-83     макроассемблер MACRO-80 (Microsoft)
L80.COM         10752  55-60     компоновщик LINK-80 (Microsoft)
ASM.COM          8192  61-64     ассемблер ASM (Digital Research)
ZID.COM         10240  65-69     отладчик ZID
WM.HLP           6784  70-73     справка по командам WordMaster
DDT.COM          4864  84-86     отладчик DDT (Digital Research)
------------  -------
Файлов: 17, байт: 165888; все файлы целы
