Кассета elcon.a.bt  (метка ELCONa)
========================================================================
Игры киевских групп «Елкон» и «Вільні майстри», сторона A.
Девять игр и графический редактор KOMKON, почти ко всем - описание (.TXT).
Игры запускаются с кассеты: сначала B:, потом имя игры - файлы уровней
(.STG) ищутся на текущем диске.

Загрузка: зарядить в магнитофон и дать команду монитора I - первая запись
кассеты это загрузчик, дальше TCP/M читает себя сама (около 2.5 минут).

Кассета восстановлена из повреждённого образа: испорченные секторы
взяты с других кассет, где те же файлы уцелели. Проверено запуском в eCat3.

Файл             Байт  Блоки     Описание
------------  -------  --------  --------------------------------------
C55.HI          14336  1-7       ядро TCP/M-80M (CCP, BDOS, BIOS 1.2) - её грузит загрузчик кассеты
COPY.COM         4096  8-9       COPY 1.1 (КПИ, каф. ВТ): обмен файлами между квазидиском A: и кассетой CT:
C55-HI.HLP       2944  10-11     справка по TCP/M-80M: что нового в версии
POWER.HLP        2688  12-13     справка по POWER
POWER.COM       14848  14-21     POWER 3.03 (Pavel Breder): набор системных утилит
GNOMIK.TXT        512  22        описание: игра «Гномик» (пещеры, приключения)
GNOMIK.COM      15616  23-30     игра «Гномик» (пещеры, приключения)
GNOMIK.STG       2688  31-32     уровни «Гномика»
GNOMIK.FLM        512  33        анимация «Гномика»
GNOM1.FLM         256  34        анимация «Гномика»
GNOM2.FLM         128  35        анимация «Гномика»
GNOM3.FLM         128  36        анимация «Гномика»
AKAD.COM        14592  37-44     игра «Академия» (арифметика)
AKAD.STG         3200  45-46     уровни «Академии»
AKAD0.FLM         128  47        анимация «Академии»
AKAD1.FLM         384  48        анимация «Академии»
AKAD2.FLM         128  49        анимация «Академии»
AKADEMIA.TXT      768  50        описание игры «Академия»
BUILD.COM        9728  51-55     игра «Будівельник» (кладовщик)
BUILD.STG        2048  56        склады «Будівельника»
BUILD.FLM         384  57        анимация «Будівельника»
BUILD.TXT         512  58        описание: игра «Будівельник» (кладовщик)
PIPE.COM         8704  59-63     игра «Фанат труб» (водопровод)
PIPE.STG         2432  64-65     уровни «Фаната труб»
PIPE.TXT          768  66        описание: игра «Фанат труб» (водопровод)
TRAIN.COM       11520  67-72     игра «Паровоз»
TRAIN.STG        1920  73        уровни «Паровоза»
TRAIN.FLM         768  74        анимация «Паровоза»
TRAIN.TXT         512  75        описание: игра «Паровоз»
PITON.TXT         512  76        описание: игра «Питон»
PITON.COM       10240  77-81     игра «Питон»
PITON.STG        1408  82        уровни «Питона» - без него игра не работает
PYRAMID.COM     20480  83-92     игра «Пирамида»
PYRAMID.TXT      1024  93        описание: игра «Пирамида»
PACKMAN.COM     13056  94-100    игра «Ненажера» (Pac-Man)
PACKMAN.TXT       768  101       описание игры «Ненажера»
PIT2.COM         8704  102-106   игра Stone-Pit (Free Masters, Киев 1989)
KOMKON.COM      25600  107-119   графический редактор KOMKON («Елкон»)
KOMKON.TXT       2304  120-121   описание: графический редактор KOMKON («Елкон»)
------------  -------
Файлов: 39, байт: 201344; все файлы целы
