Кассета pasc.a.bt  (метка PASC.A)
========================================================================
Компилятор Pascal/MT+ 5.2 (MT MicroSYSTEMS), сторона A.
Компилятор с оверлеями фаз, компоновщик и библиотеки. Работает целиком с
кассеты, но медленно: небольшая программа компилируется больше 10 минут.

Загрузка: зарядить в магнитофон и дать команду монитора I - первая запись
кассеты это загрузчик, дальше TCP/M читает себя сама (около 2.5 минут).

Кассета восстановлена из повреждённого образа: испорченные секторы
взяты с других кассет, где те же файлы уцелели. Проверено запуском в eCat3.

Файл             Байт  Блоки     Описание
------------  -------  --------  --------------------------------------
C55.HI          14336  1-7       ядро TCP/M-80M (CCP, BDOS, BIOS 1.2) - её грузит загрузчик кассеты
COPY.COM         4096  8-9       COPY 1.1 (КПИ, каф. ВТ): обмен файлами между квазидиском A: и кассетой CT:
C55-HI.HLP       2944  10-11     справка по TCP/M-80M: что нового в версии
POWER.HLP        2688  12-13     справка по POWER
POWER.COM       14848  14-21     POWER 3.03 (Pavel Breder): набор системных утилит
PASCAL.HLP       3328  22-23     справка по Pascal/MT+
MTPLUS.COM      38528  24-42     компилятор Pascal/MT+ 5.2, фаза 0
MTERRS.TXT       4864  43-45     тексты сообщений компилятора об ошибках
MT180.OVL       28672  46-59     оверлей компилятора, фаза 1
MT185.OVL       23808  60-71     оверлей компилятора, фаза 1
MT280.OVL       16640  72-80     оверлей компилятора, фаза 2
MT380.OVL       35840  81-98     оверлей компилятора, фаза 3
MT480.OVL       14848  99-106    оверлей компилятора, фаза 4
MT580.OVL       13440  107-113   оверлей компилятора, фаза 5
MTLINK.COM      11008  114-119   компоновщик Pascal/MT+
PASLIB.ERL      23680  120-131   библиотека Паскаля времени выполнения
FPREALS.ERL      7680  132-135   вещественная арифметика (двоичная)
TRANCEND.ERL     1792  136       трансцендентные функции
BCDREALS.ERL     3328  137-138   вещественная арифметика (двоично-десятичная)
COM.SYP             0  -         пустой служебный файл компоновщика
PRIM2.COM         128  139       пример: программа
PRIM2.ERL        1024  141       пример: объектный файл
.COM              128  140       запись без имени, 128 байт мусора
------------  -------
Файлов: 23, байт: 267648; все файлы целы
