Кассета sc.a.bt  (метка <SC>.A)
========================================================================
Электронная таблица SuperCalc 1.12 (Sorcim).

Загрузка: зарядить в магнитофон и дать команду монитора I - первая запись
кассеты это загрузчик, дальше TCP/M читает себя сама (около 2.5 минут).

Кассета восстановлена из повреждённого образа: испорченные секторы
взяты с других кассет, где те же файлы уцелели. Проверено запуском в eCat3.

Файл             Байт  Блоки     Описание
------------  -------  --------  --------------------------------------
C55.HI          14336  1-7       ядро TCP/M-80M (CCP, BDOS, BIOS 1.2) - её грузит загрузчик кассеты
COPY.COM         4096  8-9       COPY 1.1 (КПИ, каф. ВТ): обмен файлами между квазидиском A: и кассетой CT:
C55-HI.HLP       2944  10-11     справка по TCP/M-80M: что нового в версии
POWER.HLP        2688  12-13     справка по POWER
POWER.COM       14848  14-21     POWER 3.03 (Pavel Breder): набор системных утилит
SC.COM          24576  22-33     SuperCalc 1.12 (Sorcim, 1982)
SC.OVL          14592  34-41     оверлей SuperCalc
SC.HLP           9088  42-46     краткая справка SuperCalc
------------  -------
Файлов: 8, байт: 87168; все файлы целы
